###############################################################################
#                                                                             #
# IAR ELF Linker V6.50.2.4510/W32 for ARM               04/Mar/2016  07:59:27 #
# Copyright 2007-2012 IAR Systems AB.                                         #
#                                                                             #
#    Output file  =  E:\Desktop\GPIO_LED\Prj\IAR\FN15_Debug\Exe\vcan_Kinetis. #
#                    out                                                      #
#    Map file     =  E:\Desktop\GPIO_LED\Prj\IAR\FN15_Debug\List\vcan_Kinetis #
#                    .map                                                     #
#    Command line =  E:\Desktop\GPIO_LED\Prj\IAR\FN15_Debug\Obj\MK60_DWT.o    #
#                    E:\Desktop\GPIO_LED\Prj\IAR\FN15_Debug\Obj\MK60_PIT.o    #
#                    E:\Desktop\GPIO_LED\Prj\IAR\FN15_Debug\Obj\MK60_SysTick. #
#                    o E:\Desktop\GPIO_LED\Prj\IAR\FN15_Debug\Obj\MK60_conf.o #
#                     E:\Desktop\GPIO_LED\Prj\IAR\FN15_Debug\Obj\MK60_flash.o #
#                     E:\Desktop\GPIO_LED\Prj\IAR\FN15_Debug\Obj\MK60_gpio.o  #
#                    E:\Desktop\GPIO_LED\Prj\IAR\FN15_Debug\Obj\MK60_it.o     #
#                    E:\Desktop\GPIO_LED\Prj\IAR\FN15_Debug\Obj\MK60_lptmr.o  #
#                    E:\Desktop\GPIO_LED\Prj\IAR\FN15_Debug\Obj\MK60_mcg.o    #
#                    E:\Desktop\GPIO_LED\Prj\IAR\FN15_Debug\Obj\MK60_port.o   #
#                    E:\Desktop\GPIO_LED\Prj\IAR\FN15_Debug\Obj\MK60_uart.o   #
#                    E:\Desktop\GPIO_LED\Prj\IAR\FN15_Debug\Obj\MK60_wdog.o   #
#                    E:\Desktop\GPIO_LED\Prj\IAR\FN15_Debug\Obj\OLED.o        #
#                    E:\Desktop\GPIO_LED\Prj\IAR\FN15_Debug\Obj\VCAN_LED.o    #
#                    E:\Desktop\GPIO_LED\Prj\IAR\FN15_Debug\Obj\VCAN_computer #
#                    .o E:\Desktop\GPIO_LED\Prj\IAR\FN15_Debug\Obj\VCAN_key.o #
#                     E:\Desktop\GPIO_LED\Prj\IAR\FN15_Debug\Obj\main.o       #
#                    E:\Desktop\GPIO_LED\Prj\IAR\FN15_Debug\Obj\misc.o        #
#                    E:\Desktop\GPIO_LED\Prj\IAR\FN15_Debug\Obj\startup_MK60D #
#                    Z10.o E:\Desktop\GPIO_LED\Prj\IAR\FN15_Debug\Obj\system_ #
#                    MK60DZ10.o E:\Desktop\GPIO_LED\Prj\IAR\FN15_Debug\Obj\ve #
#                    ctors.o --redirect _Printf=_PrintfLargeNoMb --redirect   #
#                    _Scanf=_ScanfLargeNoMb -o E:\Desktop\GPIO_LED\Prj\IAR\FN #
#                    15_Debug\Exe\vcan_Kinetis.out --map                      #
#                    E:\Desktop\GPIO_LED\Prj\IAR\FN15_Debug\List\vcan_Kinetis #
#                    .map --config "E:\Desktop\GPIO_LED\Prj\IAR\config        #
#                    files\vcan_ROM_K60N1M.icf" E:\Desktop\GPIO_LED\Prj\IAR\. #
#                    .\..\Lib\CMSIS\iar_cortexM4l_math.a --entry              #
#                    __iar_program_start --redirect __write=__write_buffered  #
#                    --vfe                                                    #
#                                                                             #
#                                                                             #
###############################################################################

*******************************************************************************
*** RUNTIME MODEL ATTRIBUTES
***

CppFlavor       = *
__SystemLibrary = DLib


*******************************************************************************
*** PLACEMENT SUMMARY
***

"A1":  place at 0x00000000 { ro section .intvec };
"A2":  place at 0x00000410 { ro section .noinit };
"P1":  place in [from 0x00000000 to 0x00100000] { ro, block CodeRelocate };
"P2":  place in [from 0x1fff0410 to 0x20010000] {
          rw, block CodeRelocateRam, block CSTACK, block HEAP };

  Section              Kind        Address    Size  Object
  -------              ----        -------    ----  ------
"A1":                                        0x410
  .intvec              const    0x00000000   0x410  vectors.o [1]
                              - 0x00000410   0x410

"A2":                                          0x8
  .noinit              ro code  0x00000410     0x8  startup_MK60DZ10.o [1]
                              - 0x00000418     0x8

"P1":                                       0x35d4
  .data_init                    0x00000418   0xcc0  <Block>
    Initializer bytes  ro data  0x00000418   0xcc0  <for .data-1>
  .text                ro code  0x000010d8   0xb7e  xprintflarge_nomb.o [3]
  .text                ro code  0x00001c56    0x22  zero_init3.o [5]
  .text                ro code  0x00001c78    0x16  strchr.o [5]
  .text                ro code  0x00001c90    0x36  strlen.o [5]
  .text                ro code  0x00001cc8    0x58  memchr.o [5]
  .text                ro code  0x00001d20    0xee  I64DivMod.o [5]
  .text                ro code  0x00001e10   0x1a2  DblMul.o [4]
  .text                ro code  0x00001fb4    0x76  ABImemcpy.o [5]
  .text                ro code  0x0000202a    0x42  xdnorm.o [4]
  .text                ro code  0x0000206c    0x2e  DblCmpLe.o [4]
  .text                ro code  0x0000209c   0x246  DblDiv.o [4]
  .text                ro code  0x000022e4    0x2c  DblToI32.o [4]
  .text                ro code  0x00002310    0x1c  I32ToDbl.o [4]
  .text                ro code  0x0000232c   0x180  DblSub.o [4]
  .text                ro code  0x000024ac    0x6c  localeconv.o [3]
  .text                ro code  0x00002518     0xe  div.o [3]
  .text                ro code  0x00002528     0x2  I64DivZer.o [5]
  .text                ro code  0x0000252c    0xd4  DblAdd.o [4]
  .text                ro code  0x00002600     0x2  xtls.o [3]
  Veneer               ro code  0x00002604     0x8  - Linker created -
  .text                ro code  0x0000260c   0x3b8  MK60_mcg.o [1]
  .text                ro code  0x000029c4   0x2c8  OLED.o [1]
  .text                ro code  0x00002c8c   0x128  MK60_gpio.o [1]
  .text                ro code  0x00002db4    0xb0  MK60_port.o [1]
  Veneer               ro code  0x00002e64     0x8  - Linker created -
  Veneer               ro code  0x00002e6c     0x8  - Linker created -
  .text                ro code  0x00002e74   0x140  MK60_conf.o [1]
  .text                ro code  0x00002fb4    0x70  VCAN_LED.o [1]
  .text                ro code  0x00003024    0x24  printf.o [3]
  .text                ro code  0x00003048    0x64  MK60_SysTick.o [1]
  .text                ro code  0x000030ac   0x24c  MK60_uart.o [1]
  .text                ro code  0x000032f8    0x9c  VCAN_key.o [1]
  CodeRelocate                  0x00003394   0x1f0  <Block>
    Initializer bytes  ro data  0x00003394   0x1f0  <for CodeRelocateRam-1>
  .text                ro code  0x00003584   0x130  system_MK60DZ10.o [1]
  .text                ro code  0x000036b4    0x40  MK60_wdog.o [1]
  .text                ro code  0x000036f4    0x3c  main.o [1]
  .text                ro code  0x00003730    0x2c  misc.o [1]
  .rodata              const    0x0000375c    0x3c  MK60_conf.o [1]
  .rodata              const    0x00003798    0x2c  MK60_SysTick.o [1]
  .rodata              const    0x000037c4    0x2c  MK60_flash.o [1]
  .rodata              const    0x000037f0    0x2c  MK60_gpio.o [1]
  .rodata              const    0x0000381c    0x2c  MK60_uart.o [1]
  .text                ro code  0x00003848    0x28  data_init.o [5]
  .rodata              const    0x00003870    0x24  MK60_conf.o [1]
  .rodata              const    0x00003894    0x24  misc.o [1]
  .iar.init_table      const    0x000038b8    0x10  - Linker created -
  .rodata              const    0x000038c8    0x20  MK60_conf.o [1]
  .text                ro code  0x000038e8    0x16  cmain.o [5]
  .text                ro code  0x000038fe     0x4  low_level_init.o [3]
  .text                ro code  0x00003902     0x4  exit.o [3]
  .text                ro code  0x00003908     0xa  cexit.o [5]
  .text                ro code  0x00003914     0xc  XXexit.o [5]
  .text                ro code  0x00003920    0x16  xprout.o [3]
  .text                ro code  0x00003938     0xc  putchar.o [3]
  .rodata              const    0x00003944    0x14  MK60_conf.o [1]
  .text                ro code  0x00003958     0xc  cstartup_M.o [5]
  .rodata              const    0x00003964     0x0  zero_init3.o [5]
  Initializer bytes    ro data  0x00003964    0x88  <for P2 s0>
                              - 0x000039ec  0x35d4

"P2", part 1 of 3:                           0xeb0
  .data                         0x1fff0410   0xcc0  <Block>
    .data-1                     0x1fff0410   0xcc0  <Init block>
      .data            inited   0x1fff0410   0x708  MK60_conf.o [1]
      .data            inited   0x1fff0b18    0x14  MK60_gpio.o [1]
      .data            inited   0x1fff0b2c    0x58  MK60_mcg.o [1]
      .data            inited   0x1fff0b84     0x4  MK60_mcg.o [1]
      .data            inited   0x1fff0b88    0x14  MK60_port.o [1]
      .data            inited   0x1fff0b9c    0x18  MK60_uart.o [1]
      .data            inited   0x1fff0bb4     0x4  VCAN_LED.o [1]
      .data            inited   0x1fff0bb8     0x8  VCAN_key.o [1]
      .data            inited   0x1fff0bc0   0x268  main.o [1]
      .data            inited   0x1fff0e28   0x268  main.o [1]
      .data            inited   0x1fff1090    0x40  xfiles.o [3]
  CodeRelocateRam               0x1fff10d0   0x1f0  <Block>
    CodeRelocateRam-1           0x1fff10d0   0x1f0  <Init block>
      Veneer           inited   0x1fff10d0     0x8  - Linker created -
      Veneer           inited   0x1fff10d8     0x8  - Linker created -
      .textrw          inited   0x1fff10e0   0x190  MK60_flash.o [1]
      .textrw          inited   0x1fff1270    0x50  MK60_mcg.o [1]
                              - 0x1fff12c0   0xeb0

"P2", part 2 of 3:                            0x5c
  .bss                          0x1fff12c0    0x5c  <Block>
    .bss               zero     0x1fff12c0     0x4  system_MK60DZ10.o [1]
    .bss               zero     0x1fff12c4     0x4  system_MK60DZ10.o [1]
    .bss               zero     0x1fff12c8     0x4  system_MK60DZ10.o [1]
    .bss               zero     0x1fff12cc    0x50  xfiles.o [3]
                              - 0x1fff131c    0x5c

"P2", part 3 of 3:                            0x88
  P2 s0                         0x1fff131c    0x88  <Init block>
    __DLIB_PERTHREAD   inited   0x1fff131c    0x88  localeconv.o [3]
                              - 0x1fff13a4    0x88


*******************************************************************************
*** INIT TABLE
***

          Address     Size
          -------     ----
Zero (__iar_zero_init3)
    1 destination range, total size 0x5c:
          0x1fff12c0  0x5c



*******************************************************************************
*** MODULE SUMMARY
***

    Module               ro code  rw code  ro data  rw data
    ------               -------  -------  -------  -------
E:\Desktop\GPIO_LED\Prj\IAR\FN15_Debug\Obj: [1]
    MK60_SysTick.o           100                44
    MK60_conf.o              320             1 948    1 800
    MK60_flash.o                      400      444
    MK60_gpio.o              296                64       20
    MK60_mcg.o               952       80      172       92
    MK60_port.o              176                20       20
    MK60_uart.o              588                68       24
    MK60_wdog.o               64
    OLED.o                   712
    VCAN_LED.o               112                 4        4
    VCAN_key.o               156                 8        8
    main.o                    60             1 232    1 232
    misc.o                    44                36
    startup_MK60DZ10.o         8
    system_MK60DZ10.o        304                         12
    vectors.o                                1 040
    -------------------------------------------------------
    Total:                 3 892      480    5 080    3 212

command line: [2]
    -------------------------------------------------------
    Total:

dl7M_tlf.a: [3]
    div.o                     14
    exit.o                     4
    localeconv.o             108               136      136
    low_level_init.o           4
    printf.o                  36
    putchar.o                 12
    xfiles.o                                    64      144
    xprintflarge_nomb.o    2 942
    xprout.o                  22
    xtls.o                     2
    -------------------------------------------------------
    Total:                 3 144               200      280

m7M_tl.a: [4]
    DblAdd.o                 212
    DblCmpLe.o                46
    DblDiv.o                 582
    DblMul.o                 418
    DblSub.o                 384
    DblToI32.o                44
    I32ToDbl.o                28
    xdnorm.o                  66
    -------------------------------------------------------
    Total:                 1 780

rt7M_tl.a: [5]
    ABImemcpy.o              118
    I64DivMod.o              238
    I64DivZer.o                2
    XXexit.o                  12
    cexit.o                   10
    cmain.o                   22
    cstartup_M.o              12
    data_init.o               40
    memchr.o                  88
    strchr.o                  22
    strlen.o                  54
    zero_init3.o              34
    -------------------------------------------------------
    Total:                   652

    Gaps                      24
    Linker created            24       16       32
-----------------------------------------------------------
    Grand Total:           9 516      496    5 312    3 492


*******************************************************************************
*** ENTRY LIST
***

Entry                      Address   Size  Type      Object
-----                      -------   ----  ----      ------
.bss$$Base              0x1fff12c0          --   Gb  - Linker created -
.bss$$Limit             0x1fff131c          --   Gb  - Linker created -
.data$$Base             0x1fff0410          --   Gb  - Linker created -
.data$$Limit            0x1fff10d0          --   Gb  - Linker created -
.data_init$$Base        0x00000418          --   Gb  - Linker created -
.data_init$$Limit       0x000010d8          --   Gb  - Linker created -
?main                   0x000038e9         Code  Gb  cmain.o [5]
ASSERT_FAILED_STR       0x00003870   0x24  Data  Gb  MK60_conf.o [1]
CodeRelocate$$Base      0x00003394          --   Gb  - Linker created -
CodeRelocate$$Limit     0x00003584          --   Gb  - Linker created -
CodeRelocateRam$$Base   0x1fff10d0          --   Gb  - Linker created -
CodeRelocateRam$$Limit  0x1fff12c0          --   Gb  - Linker created -
Draw_BMP                0x00002bfd   0x80  Code  Gb  OLED.o [1]
GPIOX                   0x1fff0b18   0x14  Data  Gb  MK60_gpio.o [1]
KEY_PTxn                0x1fff0bb8    0x8  Data  Gb  VCAN_key.o [1]
LED_PTxn                0x1fff0bb4    0x4  Data  Gb  VCAN_LED.o [1]
NVIC_SystemReset        0x00002e75   0x1a  Code  Lc  MK60_conf.o [1]
OLED_DLY_ms             0x00002ac9   0x1c  Code  Gb  OLED.o [1]
OLED_Fill               0x00002a89   0x40  Code  Gb  OLED.o [1]
OLED_Init               0x00002ae5  0x112  Code  Gb  OLED.o [1]
OLED_Set_Pos            0x00002a5b   0x2e  Code  Gb  OLED.o [1]
OLED_WrCmd              0x00002a11   0x4a  Code  Gb  OLED.o [1]
OLED_WrDat              0x000029c5   0x4a  Code  Gb  OLED.o [1]
PORTX                   0x1fff0b88   0x14  Data  Gb  MK60_port.o [1]
Region$$Table$$Base     0x000038b8          --   Gb  - Linker created -
Region$$Table$$Limit    0x000038c8          --   Gb  - Linker created -
Reset_Handler           0x00000411         Code  Gb  startup_MK60DZ10.o [1]
UARTN                   0x1fff0b9c   0x18  Data  Gb  MK60_uart.o [1]
_GenldLargeNoMb         0x000019d9  0x234  Code  Lc  xprintflarge_nomb.o [3]
_LdtobLargeNoMb         0x00001779  0x25a  Code  Lc  xprintflarge_nomb.o [3]
_LitobLargeNoMb         0x0000161b  0x10c  Code  Lc  xprintflarge_nomb.o [3]
_Locale_aeabi_lconv     0x1fff136c   0x38  Data  Gb  localeconv.o [3]
_Locale_lconv           0x1fff131c   0x50  Data  Gb  localeconv.o [3]
_PrintfLargeNoMb        0x000010d9  0x53c  Code  Gb  xprintflarge_nomb.o [3]
_Prout                  0x00003921   0x16  Code  Gb  xprout.o [3]
_PutcharsLargeNoMb      0x00001c0d   0x2e  Code  Lc  xprintflarge_nomb.o [3]
__BOOT_STACK_ADDRESS {Abs}
                        0x2000fff8          --   Gb  command line/config [2]
__VECTOR_RAM {Abs}      0x1fff0000          --   Gb  command line/config [2]
__VECTOR_TABLE {Abs}    0x00000000          --   Gb  command line/config [2]
__aeabi_cdcmple         0x0000206d         Code  Gb  DblCmpLe.o [4]
__aeabi_d2uiz           0x000022e5         Code  Gb  DblToI32.o [4]
__aeabi_ddiv            0x0000209d         Code  Gb  DblDiv.o [4]
__aeabi_dmul            0x00001e11         Code  Gb  DblMul.o [4]
__aeabi_dsub            0x0000232d         Code  Gb  DblSub.o [4]
__aeabi_ldiv0           0x00002529         Code  Gb  I64DivZer.o [5]
__aeabi_memcpy          0x00001fb5         Code  Gb  ABImemcpy.o [5]
__aeabi_memcpy4         0x00001fd5         Code  Gb  ABImemcpy.o [5]
__aeabi_memcpy8         0x00001fd5         Code  Gb  ABImemcpy.o [5]
__aeabi_ui2d            0x00002311         Code  Gb  I32ToDbl.o [4]
__aeabi_uldivmod        0x00001d21         Code  Gb  I64DivMod.o [5]
__cmain                 0x000038e9         Code  Gb  cmain.o [5]
__code_start__ {Abs}    0x00000410          --   Gb  command line/config [2]
__exit                  0x00003915         Code  Gb  XXexit.o [5]
__iar_Dnorm             0x0000202b   0x42  Code  Gb  xdnorm.o [4]
__iar_Locale_lconv_init
                        0x000024ad   0x3a  Code  Gb  localeconv.o [3]
__iar_Memchr            0x00001cc9         Code  Gb  memchr.o [5]
__iar_Stdout            0x1fff1090   0x40  Data  Gb  xfiles.o [3]
__iar_Strchr            0x00001c79         Code  Gb  strchr.o [5]
__iar_d2uiz             0x000022f1         Code  Gb  DblToI32.o [4]
__iar_dadd              0x0000252d         Code  Gb  DblAdd.o [4]
__iar_data_init3        0x00003849   0x28  Code  Gb  data_init.o [5]
__iar_dlib_perthread_access
                        0x00002601    0x2  Code  Gb  xtls.o [3]
__iar_dsub              0x00002341         Code  Gb  DblSub.o [4]
__iar_dsubStart         0x00002353         Code  Gb  DblSub.o [4]
__iar_program_start     0x00003959         Code  Gb  cstartup_M.o [5]
__iar_ui2d              0x00002315         Code  Gb  I32ToDbl.o [4]
__iar_zero_init3        0x00001c57   0x22  Code  Gb  zero_init3.o [5]
__low_level_init        0x000038ff    0x4  Code  Gb  low_level_init.o [3]
__vector_table          0x00000000  0x410  Data  Gb  vectors.o [1]
_call_main              0x000038f5         Code  Gb  cmain.o [5]
_exit                   0x00003909         Code  Gb  cexit.o [5]
_main                   0x000038fb         Code  Gb  cmain.o [5]
assert_failed           0x00002e8f   0x26  Code  Gb  MK60_conf.o [1]
bus_clk_khz             0x1fff12c8    0x4  Data  Gb  system_MK60DZ10.o [1]
common_startup          0x000035e3   0x98  Code  Gb  system_MK60DZ10.o [1]
core_clk_khz            0x1fff12c0    0x4  Data  Gb  system_MK60DZ10.o [1]
core_clk_mhz            0x1fff12c4    0x4  Data  Gb  system_MK60DZ10.o [1]
default_isr             0x00002f63   0x30  Code  Gb  MK60_conf.o [1]
div                     0x00002519    0xe  Code  Gb  div.o [3]
exit                    0x00003903    0x4  Code  Gb  exit.o [3]
flash_cmd               0x1fff10e1   0x20  Code  Gb  MK60_flash.o [1]
flash_erase_sector      0x1fff1125   0x5c  Code  Gb  MK60_flash.o [1]
flash_init              0x1fff1101   0x24  Code  Gb  MK60_flash.o [1]
flash_write             0x1fff1181   0xb4  Code  Gb  MK60_flash.o [1]
fputc                   0x00002eb5   0x14  Code  Gb  MK60_conf.o [1]
gpio_get                0x00002d73   0x3a  Code  Gb  MK60_gpio.o [1]
gpio_init               0x00002c8d   0xae  Code  Gb  MK60_gpio.o [1]
gpio_turn               0x00002d3b   0x38  Code  Gb  MK60_gpio.o [1]
key_check               0x00003365   0x2a  Code  Gb  VCAN_key.o [1]
key_get                 0x0000334b   0x1a  Code  Gb  VCAN_key.o [1]
key_init                0x000032f9   0x52  Code  Gb  VCAN_key.o [1]
led_init                0x00002fb5   0x3a  Code  Gb  VCAN_LED.o [1]
led_turn                0x00002fef   0x32  Code  Gb  VCAN_LED.o [1]
localeconv              0x000024e7   0x16  Code  Gb  localeconv.o [3]
main                    0x000036f5   0x3c  Code  Gb  main.o [1]
mcg_cfg                 0x1fff0b2c   0x58  Data  Gb  MK60_mcg.o [1]
mcg_div                 0x1fff0b84    0x4  Data  Gb  MK60_mcg.o [1]
mcg_div_count           0x0000260d  0x2ea  Code  Gb  MK60_mcg.o [1]
memchr                  0x00001cc9         Code  Gb  memchr.o [5]
obuf                    0x1fff12cc   0x50  Data  Lc  xfiles.o [3]
pll_init                0x000028f7   0xb2  Code  Gb  MK60_mcg.o [1]
port_init               0x00002db5   0x44  Code  Gb  MK60_port.o [1]
port_init_NoALT         0x00002df9   0x62  Code  Gb  MK60_port.o [1]
printf                  0x00003025   0x24  Code  Gb  printf.o [3]
putchar                 0x00003939    0xc  Code  Gb  putchar.o [3]
scale                   0x0000172d   0x46  Code  Lc  xprintflarge_nomb.o [3]
set_sys_dividers        0x1fff1271   0x50  Code  Gb  MK60_mcg.o [1]
start                   0x00003585   0x22  Code  Gb  system_MK60DZ10.o [1]
start_check             0x00002ec9   0x9a  Code  Gb  MK60_conf.o [1]
strchr                  0x00001c79         Code  Gb  strchr.o [5]
strlen                  0x00001c91         Code  Gb  strlen.o [5]
sysinit                 0x000035a7   0x3c  Code  Gb  system_MK60DZ10.o [1]
systick_delay           0x00003049   0x36  Code  Gb  MK60_SysTick.o [1]
systick_delay_ms        0x0000307f   0x18  Code  Gb  MK60_SysTick.o [1]
uart_init               0x000030ad  0x218  Code  Gb  MK60_uart.o [1]
uart_putchar            0x000032c5   0x1a  Code  Gb  MK60_uart.o [1]
vector_str              0x1fff0410  0x708  Data  Gb  MK60_conf.o [1]
wdog_disable            0x000036b5   0x16  Code  Gb  MK60_wdog.o [1]
wdog_unlock             0x000036cb   0x20  Code  Lc  MK60_wdog.o [1]
write_vtor              0x00003731   0x22  Code  Gb  misc.o [1]
yao1                    0x1fff0bc0  0x268  Data  Gb  main.o [1]
yao2                    0x1fff0e28  0x268  Data  Gb  main.o [1]


[1] = E:\Desktop\GPIO_LED\Prj\IAR\FN15_Debug\Obj
[2] = command line
[3] = dl7M_tlf.a
[4] = m7M_tl.a
[5] = rt7M_tl.a

  9 516 bytes of readonly  code memory
    496 bytes of readwrite code memory
  5 312 bytes of readonly  data memory
  3 492 bytes of readwrite data memory

Errors: none
Warnings: none
