###############################################################################
#                                                                             #
# IAR ELF Linker V6.50.2.4510/W32 for ARM               24/Mar/2016  16:32:30 #
# Copyright 2007-2012 IAR Systems AB.                                         #
#                                                                             #
#    Output file  =  F:\SmartCar\for_test\Prj\IAR\FN15_Debug\Exe\vcan_Kinetis #
#                    .out                                                     #
#    Map file     =  F:\SmartCar\for_test\Prj\IAR\FN15_Debug\List\vcan_Kineti #
#                    s.map                                                    #
#    Command line =  F:\SmartCar\for_test\Prj\IAR\FN15_Debug\Obj\MK60_DWT.o   #
#                    F:\SmartCar\for_test\Prj\IAR\FN15_Debug\Obj\MK60_PIT.o   #
#                    F:\SmartCar\for_test\Prj\IAR\FN15_Debug\Obj\MK60_SysTick #
#                    .o F:\SmartCar\for_test\Prj\IAR\FN15_Debug\Obj\MK60_adc. #
#                    o F:\SmartCar\for_test\Prj\IAR\FN15_Debug\Obj\MK60_can.o #
#                     F:\SmartCar\for_test\Prj\IAR\FN15_Debug\Obj\MK60_conf.o #
#                     F:\SmartCar\for_test\Prj\IAR\FN15_Debug\Obj\MK60_dac.o  #
#                    F:\SmartCar\for_test\Prj\IAR\FN15_Debug\Obj\MK60_dma.o   #
#                    F:\SmartCar\for_test\Prj\IAR\FN15_Debug\Obj\MK60_flash.o #
#                     F:\SmartCar\for_test\Prj\IAR\FN15_Debug\Obj\MK60_flexbu #
#                    s.o F:\SmartCar\for_test\Prj\IAR\FN15_Debug\Obj\MK60_ftm #
#                    .o F:\SmartCar\for_test\Prj\IAR\FN15_Debug\Obj\MK60_gpio #
#                    .o F:\SmartCar\for_test\Prj\IAR\FN15_Debug\Obj\MK60_i2c. #
#                    o F:\SmartCar\for_test\Prj\IAR\FN15_Debug\Obj\MK60_it.o  #
#                    F:\SmartCar\for_test\Prj\IAR\FN15_Debug\Obj\MK60_lptmr.o #
#                     F:\SmartCar\for_test\Prj\IAR\FN15_Debug\Obj\MK60_mcg.o  #
#                    F:\SmartCar\for_test\Prj\IAR\FN15_Debug\Obj\MK60_port.o  #
#                    F:\SmartCar\for_test\Prj\IAR\FN15_Debug\Obj\MK60_rtc.o   #
#                    F:\SmartCar\for_test\Prj\IAR\FN15_Debug\Obj\MK60_sdhc.o  #
#                    F:\SmartCar\for_test\Prj\IAR\FN15_Debug\Obj\MK60_spi.o   #
#                    F:\SmartCar\for_test\Prj\IAR\FN15_Debug\Obj\MK60_uart.o  #
#                    F:\SmartCar\for_test\Prj\IAR\FN15_Debug\Obj\MK60_usb.o   #
#                    F:\SmartCar\for_test\Prj\IAR\FN15_Debug\Obj\MK60_wdog.o  #
#                    F:\SmartCar\for_test\Prj\IAR\FN15_Debug\Obj\USB.o        #
#                    F:\SmartCar\for_test\Prj\IAR\FN15_Debug\Obj\USB_CDC.o    #
#                    F:\SmartCar\for_test\Prj\IAR\FN15_Debug\Obj\VCAN_ASCII.o #
#                     F:\SmartCar\for_test\Prj\IAR\FN15_Debug\Obj\VCAN_BMP.o  #
#                    F:\SmartCar\for_test\Prj\IAR\FN15_Debug\Obj\VCAN_LCD.o   #
#                    F:\SmartCar\for_test\Prj\IAR\FN15_Debug\Obj\VCAN_LCD_CH. #
#                    o F:\SmartCar\for_test\Prj\IAR\FN15_Debug\Obj\VCAN_LCD_I #
#                    LI9341.o F:\SmartCar\for_test\Prj\IAR\FN15_Debug\Obj\VCA #
#                    N_LCD_ST7735R.o F:\SmartCar\for_test\Prj\IAR\FN15_Debug\ #
#                    Obj\VCAN_LCD_ST7735S.o F:\SmartCar\for_test\Prj\IAR\FN15 #
#                    _Debug\Obj\VCAN_LED.o F:\SmartCar\for_test\Prj\IAR\FN15_ #
#                    Debug\Obj\VCAN_MMA7455.o F:\SmartCar\for_test\Prj\IAR\FN #
#                    15_Debug\Obj\VCAN_NRF24L0.o                              #
#                    F:\SmartCar\for_test\Prj\IAR\FN15_Debug\Obj\VCAN_NRF24L0 #
#                    _MSG.o F:\SmartCar\for_test\Prj\IAR\FN15_Debug\Obj\VCAN_ #
#                    OV7725_Eagle.o F:\SmartCar\for_test\Prj\IAR\FN15_Debug\O #
#                    bj\VCAN_OV7725_Wolf.o F:\SmartCar\for_test\Prj\IAR\FN15_ #
#                    Debug\Obj\VCAN_RTC_count.o F:\SmartCar\for_test\Prj\IAR\ #
#                    FN15_Debug\Obj\VCAN_SCCB.o F:\SmartCar\for_test\Prj\IAR\ #
#                    FN15_Debug\Obj\VCAN_TSL1401.o                            #
#                    F:\SmartCar\for_test\Prj\IAR\FN15_Debug\Obj\VCAN_UI_VAR. #
#                    o F:\SmartCar\for_test\Prj\IAR\FN15_Debug\Obj\VCAN_camer #
#                    a.o F:\SmartCar\for_test\Prj\IAR\FN15_Debug\Obj\VCAN_com #
#                    puter.o F:\SmartCar\for_test\Prj\IAR\FN15_Debug\Obj\VCAN #
#                    _key.o F:\SmartCar\for_test\Prj\IAR\FN15_Debug\Obj\VCAN_ #
#                    key_event.o F:\SmartCar\for_test\Prj\IAR\FN15_Debug\Obj\ #
#                    Vcan_touch.o F:\SmartCar\for_test\Prj\IAR\FN15_Debug\Obj #
#                    \diskio.o F:\SmartCar\for_test\Prj\IAR\FN15_Debug\Obj\ff #
#                    .o F:\SmartCar\for_test\Prj\IAR\FN15_Debug\Obj\main.o    #
#                    F:\SmartCar\for_test\Prj\IAR\FN15_Debug\Obj\misc.o       #
#                    F:\SmartCar\for_test\Prj\IAR\FN15_Debug\Obj\my.o         #
#                    F:\SmartCar\for_test\Prj\IAR\FN15_Debug\Obj\oled.o       #
#                    F:\SmartCar\for_test\Prj\IAR\FN15_Debug\Obj\startup_MK60 #
#                    DZ10.o F:\SmartCar\for_test\Prj\IAR\FN15_Debug\Obj\syste #
#                    m_MK60DZ10.o F:\SmartCar\for_test\Prj\IAR\FN15_Debug\Obj #
#                    \vcan_img2sd.o F:\SmartCar\for_test\Prj\IAR\FN15_Debug\O #
#                    bj\vcan_sd_app.o F:\SmartCar\for_test\Prj\IAR\FN15_Debug #
#                    \Obj\vectors.o --redirect _Printf=_PrintfLargeNoMb       #
#                    --redirect _Scanf=_ScanfLargeNoMb -o                     #
#                    F:\SmartCar\for_test\Prj\IAR\FN15_Debug\Exe\vcan_Kinetis #
#                    .out --map F:\SmartCar\for_test\Prj\IAR\FN15_Debug\List\ #
#                    vcan_Kinetis.map --config "F:\SmartCar\for_test\Prj\IAR\ #
#                    config files\vcan_ROM_K60N1M.icf"                        #
#                    F:\SmartCar\for_test\Prj\IAR\..\..\Lib\CMSIS\iar_cortexM #
#                    4l_math.a --entry __iar_program_start --redirect         #
#                    __write=__write_buffered --vfe                           #
#                                                                             #
#                                                                             #
###############################################################################

*******************************************************************************
*** RUNTIME MODEL ATTRIBUTES
***

CppFlavor       = *
__SystemLibrary = DLib


*******************************************************************************
*** PLACEMENT SUMMARY
***

"A1":  place at 0x00000000 { ro section .intvec };
"A2":  place at 0x00000410 { ro section .noinit };
"P1":  place in [from 0x00000000 to 0x00100000] { ro, block CodeRelocate };
"P2":  place in [from 0x1fff0410 to 0x20010000] {
          rw, block CodeRelocateRam, block CSTACK, block HEAP };

  Section              Kind        Address    Size  Object
  -------              ----        -------    ----  ------
"A1":                                        0x410
  .intvec              const    0x00000000   0x410  vectors.o [1]
                              - 0x00000410   0x410

"A2":                                          0x8
  .noinit              ro code  0x00000410     0x8  startup_MK60DZ10.o [1]
                              - 0x00000418     0x8

"P1":                                       0x3b44
  .text                ro code  0x00000418   0xb7e  xprintflarge_nomb.o [3]
  .text                ro code  0x00000f96    0x22  zero_init3.o [5]
  .text                ro code  0x00000fb8    0x16  strchr.o [5]
  .rodata              const    0x00000fce     0x2  VCAN_computer.o [1]
  .text                ro code  0x00000fd0    0x36  strlen.o [5]
  .rodata              const    0x00001006     0x2  VCAN_computer.o [1]
  .text                ro code  0x00001008    0x58  memchr.o [5]
  .text                ro code  0x00001060    0xee  I64DivMod.o [5]
  .text                ro code  0x00001150   0x1a2  DblMul.o [4]
  .text                ro code  0x000012f4    0x76  ABImemcpy.o [5]
  .text                ro code  0x0000136a    0x42  xdnorm.o [4]
  .text                ro code  0x000013ac    0x2e  DblCmpLe.o [4]
  .text                ro code  0x000013dc   0x246  DblDiv.o [4]
  .text                ro code  0x00001624    0x2c  DblToI32.o [4]
  .text                ro code  0x00001650    0x1c  I32ToDbl.o [4]
  .text                ro code  0x0000166c   0x180  DblSub.o [4]
  .text                ro code  0x000017ec    0x6c  localeconv.o [3]
  .text                ro code  0x00001858     0xe  div.o [3]
  .text                ro code  0x00001868     0x2  I64DivZer.o [5]
  .text                ro code  0x0000186c    0xe8  DblAdd.o [4]
  .text                ro code  0x00001954     0x2  xtls.o [3]
  .data_init                    0x00001958   0x804  <Block>
    Initializer bytes  ro data  0x00001958   0x804  <for .data-1>
  .text                ro code  0x0000215c   0x5f0  MK60_ftm.o [1]
  .text                ro code  0x0000274c    0xb0  MK60_port.o [1]
  Veneer               ro code  0x000027fc     0x8  - Linker created -
  Veneer               ro code  0x00002804     0x8  - Linker created -
  .text                ro code  0x0000280c   0x140  MK60_conf.o [1]
  .text                ro code  0x0000294c    0x70  VCAN_LED.o [1]
  .text                ro code  0x000029bc    0x24  printf.o [3]
  .text                ro code  0x000029e0    0x64  MK60_SysTick.o [1]
  .text                ro code  0x00002a44   0x270  MK60_uart.o [1]
  .text                ro code  0x00002cb4    0x9c  VCAN_key.o [1]
  .text                ro code  0x00002d50   0x128  MK60_gpio.o [1]
  Veneer               ro code  0x00002e78     0x8  - Linker created -
  .text                ro code  0x00002e80   0x3d4  MK60_mcg.o [1]
  .text                ro code  0x00003254   0x1fc  my.o [1]
  .text                ro code  0x00003450    0x24  FltCmpGe.o [4]
  .text                ro code  0x00003474    0x24  FltCmpLe.o [4]
  .text                ro code  0x00003498    0xd8  FltMul.o [4]
  .text                ro code  0x00003570    0x84  FltAdd.o [4]
  .text                ro code  0x000035f4    0x44  FltToS32.o [4]
  .text                ro code  0x00003638    0xd6  FltSub.o [4]
  CodeRelocate                  0x00003710   0x1f0  <Block>
    Initializer bytes  ro data  0x00003710   0x1f0  <for CodeRelocateRam-1>
  .text                ro code  0x00003900   0x130  system_MK60DZ10.o [1]
  .text                ro code  0x00003a30    0x40  MK60_wdog.o [1]
  .text                ro code  0x00003a70    0x8c  main.o [1]
  .text                ro code  0x00003afc    0x2c  misc.o [1]
  .text                ro code  0x00003b28    0x40  VCAN_computer.o [1]
  .text                ro code  0x00003b68    0x50  MK60_lptmr.o [1]
  .text                ro code  0x00003bb8    0x4e  FltToDbl.o [4]
  .text                ro code  0x00003c08    0x90  DblToFlt.o [4]
  .rodata              const    0x00003c98    0x3c  MK60_conf.o [1]
  .rodata              const    0x00003cd4    0x30  MK60_SysTick.o [1]
  .rodata              const    0x00003d04    0x2c  MK60_flash.o [1]
  .rodata              const    0x00003d30    0x2c  MK60_ftm.o [1]
  .rodata              const    0x00003d5c    0x2c  MK60_gpio.o [1]
  .rodata              const    0x00003d88    0x2c  MK60_uart.o [1]
  .rodata              const    0x00003db4    0x28  misc.o [1]
  .text                ro code  0x00003ddc    0x28  data_init.o [5]
  .rodata              const    0x00003e04    0x24  MK60_conf.o [1]
  .iar.init_table      const    0x00003e28    0x10  - Linker created -
  .rodata              const    0x00003e38    0x20  MK60_conf.o [1]
  .text                ro code  0x00003e58    0x16  cmain.o [5]
  .text                ro code  0x00003e6e     0x4  low_level_init.o [3]
  .text                ro code  0x00003e72     0x4  exit.o [3]
  .text                ro code  0x00003e78     0xa  cexit.o [5]
  .text                ro code  0x00003e84     0xc  XXexit.o [5]
  .text                ro code  0x00003e90    0x16  xprout.o [3]
  .text                ro code  0x00003ea8     0xc  putchar.o [3]
  .rodata              const    0x00003eb4    0x14  MK60_conf.o [1]
  .text                ro code  0x00003ec8     0xc  cstartup_M.o [5]
  .rodata              const    0x00003ed4     0x0  zero_init3.o [5]
  Initializer bytes    ro data  0x00003ed4    0x88  <for P2 s0>
                              - 0x00003f5c  0x3b44

"P2", part 1 of 3:                           0x9f4
  .data                         0x1fff0410   0x804  <Block>
    .data-1                     0x1fff0410   0x804  <Init block>
      .data            inited   0x1fff0410   0x708  MK60_conf.o [1]
      .data            inited   0x1fff0b18    0x10  MK60_ftm.o [1]
      .data            inited   0x1fff0b28    0x14  MK60_gpio.o [1]
      .data            inited   0x1fff0b3c    0x58  MK60_mcg.o [1]
      .data            inited   0x1fff0b94     0x4  MK60_mcg.o [1]
      .data            inited   0x1fff0b98    0x14  MK60_port.o [1]
      .data            inited   0x1fff0bac    0x18  MK60_uart.o [1]
      .data            inited   0x1fff0bc4     0x4  VCAN_LED.o [1]
      .data            inited   0x1fff0bc8     0x8  VCAN_key.o [1]
      .data            inited   0x1fff0bd0     0x4  main.o [1]
      .data            inited   0x1fff0bd4    0x40  xfiles.o [3]
  CodeRelocateRam               0x1fff0c14   0x1f0  <Block>
    CodeRelocateRam-1           0x1fff0c14   0x1f0  <Init block>
      Veneer           inited   0x1fff0c14     0x8  - Linker created -
      Veneer           inited   0x1fff0c1c     0x8  - Linker created -
      .textrw          inited   0x1fff0c24   0x190  MK60_flash.o [1]
      .textrw          inited   0x1fff0db4    0x50  MK60_mcg.o [1]
                              - 0x1fff0e04   0x9f4

"P2", part 2 of 3:                            0x74
  .bss                          0x1fff0e04    0x74  <Block>
    .bss               zero     0x1fff0e04    0x10  MK60_ftm.o [1]
    .bss               zero     0x1fff0e14     0x8  main.o [1]
    .bss               zero     0x1fff0e1c     0x4  system_MK60DZ10.o [1]
    .bss               zero     0x1fff0e20     0x4  system_MK60DZ10.o [1]
    .bss               zero     0x1fff0e24     0x4  system_MK60DZ10.o [1]
    .bss               zero     0x1fff0e28    0x50  xfiles.o [3]
                              - 0x1fff0e78    0x74

"P2", part 3 of 3:                            0x88
  P2 s0                         0x1fff0e78    0x88  <Init block>
    __DLIB_PERTHREAD   inited   0x1fff0e78    0x88  localeconv.o [3]
                              - 0x1fff0f00    0x88


*******************************************************************************
*** INIT TABLE
***

          Address     Size
          -------     ----
Zero (__iar_zero_init3)
    1 destination range, total size 0x74:
          0x1fff0e04  0x74



*******************************************************************************
*** MODULE SUMMARY
***

    Module               ro code  rw code  ro data  rw data
    ------               -------  -------  -------  -------
F:\SmartCar\for_test\Prj\IAR\FN15_Debug\Obj: [1]
    MK60_SysTick.o           100                48
    MK60_conf.o              320             1 948    1 800
    MK60_flash.o                      400      444
    MK60_ftm.o             1 520                60       32
    MK60_gpio.o              296                64       20
    MK60_lptmr.o              80
    MK60_mcg.o               980       80      172       92
    MK60_port.o              176                20       20
    MK60_uart.o              624                68       24
    MK60_wdog.o               64
    VCAN_LED.o               112                 4        4
    VCAN_computer.o           64                 4
    VCAN_key.o               156                 8        8
    main.o                   140                 4       12
    misc.o                    44                40
    my.o                     508
    startup_MK60DZ10.o         8
    system_MK60DZ10.o        304                         12
    vectors.o                                1 040
    -------------------------------------------------------
    Total:                 5 496      480    3 924    2 024

command line: [2]
    -------------------------------------------------------
    Total:

dl7M_tlf.a: [3]
    div.o                     14
    exit.o                     4
    localeconv.o             108               136      136
    low_level_init.o           4
    printf.o                  36
    putchar.o                 12
    xfiles.o                                    64      144
    xprintflarge_nomb.o    2 942
    xprout.o                  22
    xtls.o                     2
    -------------------------------------------------------
    Total:                 3 144               200      280

m7M_tl.a: [4]
    DblAdd.o                 232
    DblCmpLe.o                46
    DblDiv.o                 582
    DblMul.o                 418
    DblSub.o                 384
    DblToFlt.o               144
    DblToI32.o                44
    FltAdd.o                 132
    FltCmpGe.o                36
    FltCmpLe.o                36
    FltMul.o                 216
    FltSub.o                 214
    FltToDbl.o                78
    FltToS32.o                68
    I32ToDbl.o                28
    xdnorm.o                  66
    -------------------------------------------------------
    Total:                 2 724

rt7M_tl.a: [5]
    ABImemcpy.o              118
    I64DivMod.o              238
    I64DivZer.o                2
    XXexit.o                  12
    cexit.o                   10
    cmain.o                   22
    cstartup_M.o              12
    data_init.o               40
    memchr.o                  88
    strchr.o                  22
    strlen.o                  54
    zero_init3.o              34
    -------------------------------------------------------
    Total:                   652

    Gaps                      20
    Linker created            24       16       32
-----------------------------------------------------------
    Grand Total:          12 060      496    4 156    2 304


*******************************************************************************
*** ENTRY LIST
***

Entry                      Address   Size  Type      Object
-----                      -------   ----  ----      ------
.bss$$Base              0x1fff0e04          --   Gb  - Linker created -
.bss$$Limit             0x1fff0e78          --   Gb  - Linker created -
.data$$Base             0x1fff0410          --   Gb  - Linker created -
.data$$Limit            0x1fff0c14          --   Gb  - Linker created -
.data_init$$Base        0x00001958          --   Gb  - Linker created -
.data_init$$Limit       0x0000215c          --   Gb  - Linker created -
?main                   0x00003e59         Code  Gb  cmain.o [5]
ASSERT_FAILED_STR       0x00003e04   0x24  Data  Gb  MK60_conf.o [1]
CodeRelocate$$Base      0x00003710          --   Gb  - Linker created -
CodeRelocate$$Limit     0x00003900          --   Gb  - Linker created -
CodeRelocateRam$$Base   0x1fff0c14          --   Gb  - Linker created -
CodeRelocateRam$$Limit  0x1fff0e04          --   Gb  - Linker created -
FTMN                    0x1fff0b18   0x10  Data  Gb  MK60_ftm.o [1]
FTM_port_mux            0x0000215d  0x1ac  Code  Lc  MK60_ftm.o [1]
GPIOX                   0x1fff0b28   0x14  Data  Gb  MK60_gpio.o [1]
KEY_PTxn                0x1fff0bc8    0x8  Data  Gb  VCAN_key.o [1]
LED_PTxn                0x1fff0bc4    0x4  Data  Gb  VCAN_LED.o [1]
NVIC_SystemReset        0x0000280d   0x1a  Code  Lc  MK60_conf.o [1]
PORTX                   0x1fff0b98   0x14  Data  Gb  MK60_port.o [1]
Region$$Table$$Base     0x00003e28          --   Gb  - Linker created -
Region$$Table$$Limit    0x00003e38          --   Gb  - Linker created -
Reset_Handler           0x00000411         Code  Gb  startup_MK60DZ10.o [1]
SetMotorVoltage         0x00003355   0xe8  Code  Gb  my.o [1]
UARTN                   0x1fff0bac   0x18  Data  Gb  MK60_uart.o [1]
_GenldLargeNoMb         0x00000d19  0x234  Code  Lc  xprintflarge_nomb.o [3]
_LdtobLargeNoMb         0x00000ab9  0x25a  Code  Lc  xprintflarge_nomb.o [3]
_LitobLargeNoMb         0x0000095b  0x10c  Code  Lc  xprintflarge_nomb.o [3]
_Locale_aeabi_lconv     0x1fff0ec8   0x38  Data  Gb  localeconv.o [3]
_Locale_lconv           0x1fff0e78   0x50  Data  Gb  localeconv.o [3]
_PrintfLargeNoMb        0x00000419  0x53c  Code  Gb  xprintflarge_nomb.o [3]
_Prout                  0x00003e91   0x16  Code  Gb  xprout.o [3]
_PutcharsLargeNoMb      0x00000f4d   0x2e  Code  Lc  xprintflarge_nomb.o [3]
__BOOT_STACK_ADDRESS {Abs}
                        0x2000fff8          --   Gb  command line/config [2]
__VECTOR_RAM {Abs}      0x1fff0000          --   Gb  command line/config [2]
__VECTOR_TABLE {Abs}    0x00000000          --   Gb  command line/config [2]
__aeabi_cdcmple         0x000013ad         Code  Gb  DblCmpLe.o [4]
__aeabi_cfcmple         0x00003475         Code  Gb  FltCmpLe.o [4]
__aeabi_cfrcmple        0x00003451         Code  Gb  FltCmpGe.o [4]
__aeabi_d2f             0x00003c09         Code  Gb  DblToFlt.o [4]
__aeabi_d2uiz           0x00001625         Code  Gb  DblToI32.o [4]
__aeabi_dadd            0x0000186d         Code  Gb  DblAdd.o [4]
__aeabi_ddiv            0x000013dd         Code  Gb  DblDiv.o [4]
__aeabi_dmul            0x00001151         Code  Gb  DblMul.o [4]
__aeabi_dsub            0x0000166d         Code  Gb  DblSub.o [4]
__aeabi_f2d             0x00003bb9         Code  Gb  FltToDbl.o [4]
__aeabi_f2iz            0x000035f5         Code  Gb  FltToS32.o [4]
__aeabi_fadd            0x00003571         Code  Gb  FltAdd.o [4]
__aeabi_fmul            0x00003499         Code  Gb  FltMul.o [4]
__aeabi_ldiv0           0x00001869         Code  Gb  I64DivZer.o [5]
__aeabi_memcpy          0x000012f5         Code  Gb  ABImemcpy.o [5]
__aeabi_memcpy4         0x00001315         Code  Gb  ABImemcpy.o [5]
__aeabi_memcpy8         0x00001315         Code  Gb  ABImemcpy.o [5]
__aeabi_ui2d            0x00001651         Code  Gb  I32ToDbl.o [4]
__aeabi_uldivmod        0x00001061         Code  Gb  I64DivMod.o [5]
__cmain                 0x00003e59         Code  Gb  cmain.o [5]
__code_start__ {Abs}    0x00000410          --   Gb  command line/config [2]
__exit                  0x00003e85         Code  Gb  XXexit.o [5]
__iar_Dnorm             0x0000136b   0x42  Code  Gb  xdnorm.o [4]
__iar_Locale_lconv_init
                        0x000017ed   0x3a  Code  Gb  localeconv.o [3]
__iar_Memchr            0x00001009         Code  Gb  memchr.o [5]
__iar_Stdout            0x1fff0bd4   0x40  Data  Gb  xfiles.o [3]
__iar_Strchr            0x00000fb9         Code  Gb  strchr.o [5]
__iar_d2uiz             0x00001631         Code  Gb  DblToI32.o [4]
__iar_dadd              0x00001881         Code  Gb  DblAdd.o [4]
__iar_data_init3        0x00003ddd   0x28  Code  Gb  data_init.o [5]
__iar_dlib_perthread_access
                        0x00001955    0x2  Code  Gb  xtls.o [3]
__iar_dsub              0x00001681         Code  Gb  DblSub.o [4]
__iar_dsubStart         0x00001693         Code  Gb  DblSub.o [4]
__iar_fadd              0x00003581         Code  Gb  FltAdd.o [4]
__iar_fsub              0x00003639         Code  Gb  FltSub.o [4]
__iar_fsubStart         0x00003649         Code  Gb  FltSub.o [4]
__iar_program_start     0x00003ec9         Code  Gb  cstartup_M.o [5]
__iar_ui2d              0x00001655         Code  Gb  I32ToDbl.o [4]
__iar_zero_init3        0x00000f97   0x22  Code  Gb  zero_init3.o [5]
__low_level_init        0x00003e6f    0x4  Code  Gb  low_level_init.o [3]
__vector_table          0x00000000  0x410  Data  Gb  vectors.o [1]
_call_main              0x00003e65         Code  Gb  cmain.o [5]
_exit                   0x00003e79         Code  Gb  cexit.o [5]
_main                   0x00003e6b         Code  Gb  cmain.o [5]
assert_failed           0x00002827   0x26  Code  Gb  MK60_conf.o [1]
bus_clk_khz             0x1fff0e24    0x4  Data  Gb  system_MK60DZ10.o [1]
common_startup          0x0000395f   0x98  Code  Gb  system_MK60DZ10.o [1]
control_actuator        0x000032eb   0x6a  Code  Gb  my.o [1]
core_clk_khz            0x1fff0e1c    0x4  Data  Gb  system_MK60DZ10.o [1]
core_clk_mhz            0x1fff0e20    0x4  Data  Gb  system_MK60DZ10.o [1]
default_isr             0x000028fb   0x30  Code  Gb  MK60_conf.o [1]
display                 0x1fff0e14    0x8  Data  Gb  main.o [1]
div                     0x00001859    0xe  Code  Gb  div.o [3]
encoder_get             0x000032bb   0x30  Code  Gb  my.o [1]
exit                    0x00003e73    0x4  Code  Gb  exit.o [3]
flash_cmd               0x1fff0c25   0x20  Code  Gb  MK60_flash.o [1]
flash_erase_sector      0x1fff0c69   0x5c  Code  Gb  MK60_flash.o [1]
flash_init              0x1fff0c45   0x24  Code  Gb  MK60_flash.o [1]
flash_write             0x1fff0cc5   0xb4  Code  Gb  MK60_flash.o [1]
fputc                   0x0000284d   0x14  Code  Gb  MK60_conf.o [1]
ftm_mod                 0x1fff0e04   0x10  Data  Lc  MK60_ftm.o [1]
ftm_pwm_duty            0x000024b7  0x120  Code  Gb  MK60_ftm.o [1]
ftm_pwm_init            0x00002309  0x1ae  Code  Gb  MK60_ftm.o [1]
ftm_quad_clean          0x00002709   0x28  Code  Gb  MK60_ftm.o [1]
ftm_quad_get            0x000026dd   0x2c  Code  Gb  MK60_ftm.o [1]
ftm_quad_init           0x000025d7  0x106  Code  Gb  MK60_ftm.o [1]
gpio_get                0x00002e37   0x3a  Code  Gb  MK60_gpio.o [1]
gpio_init               0x00002d51   0xae  Code  Gb  MK60_gpio.o [1]
gpio_turn               0x00002dff   0x38  Code  Gb  MK60_gpio.o [1]
key_check               0x00002d21   0x2a  Code  Gb  VCAN_key.o [1]
key_get                 0x00002d07   0x1a  Code  Gb  VCAN_key.o [1]
key_init                0x00002cb5   0x52  Code  Gb  VCAN_key.o [1]
led_init                0x0000294d   0x3a  Code  Gb  VCAN_LED.o [1]
led_turn                0x00002987   0x32  Code  Gb  VCAN_LED.o [1]
localeconv              0x00001827   0x16  Code  Gb  localeconv.o [3]
lptmr_delay_ms          0x00003b69   0x40  Code  Gb  MK60_lptmr.o [1]
main                    0x00003a71   0x8c  Code  Gb  main.o [1]
mcg_cfg                 0x1fff0b3c   0x58  Data  Gb  MK60_mcg.o [1]
mcg_div                 0x1fff0b94    0x4  Data  Gb  MK60_mcg.o [1]
mcg_div_count           0x00002e81  0x304  Code  Gb  MK60_mcg.o [1]
memchr                  0x00001009         Code  Gb  memchr.o [5]
mk60int                 0x00003255   0x66  Code  Gb  my.o [1]
obuf                    0x1fff0e28   0x50  Data  Lc  xfiles.o [3]
pll_init                0x00003185   0xb2  Code  Gb  MK60_mcg.o [1]
port_init               0x0000274d   0x44  Code  Gb  MK60_port.o [1]
port_init_NoALT         0x00002791   0x62  Code  Gb  MK60_port.o [1]
printf                  0x000029bd   0x24  Code  Gb  printf.o [3]
putchar                 0x00003ea9    0xc  Code  Gb  putchar.o [3]
scale                   0x00000a6d   0x46  Code  Lc  xprintflarge_nomb.o [3]
set_sys_dividers        0x1fff0db5   0x50  Code  Gb  MK60_mcg.o [1]
speed                   0x1fff0bd0    0x4  Data  Gb  main.o [1]
start                   0x00003901   0x22  Code  Gb  system_MK60DZ10.o [1]
start_check             0x00002861   0x9a  Code  Gb  MK60_conf.o [1]
strchr                  0x00000fb9         Code  Gb  strchr.o [5]
strlen                  0x00000fd1         Code  Gb  strlen.o [5]
sysinit                 0x00003923   0x3c  Code  Gb  system_MK60DZ10.o [1]
systick_delay           0x000029e1   0x36  Code  Gb  MK60_SysTick.o [1]
systick_delay_ms        0x00002a17   0x18  Code  Gb  MK60_SysTick.o [1]
uart_init               0x00002a45  0x218  Code  Gb  MK60_uart.o [1]
uart_putbuff            0x00002c77   0x24  Code  Gb  MK60_uart.o [1]
uart_putchar            0x00002c5d   0x1a  Code  Gb  MK60_uart.o [1]
vcan_sendware           0x00003b29   0x38  Code  Gb  VCAN_computer.o [1]
vector_str              0x1fff0410  0x708  Data  Gb  MK60_conf.o [1]
wdog_disable            0x00003a31   0x16  Code  Gb  MK60_wdog.o [1]
wdog_unlock             0x00003a47   0x20  Code  Lc  MK60_wdog.o [1]
write_vtor              0x00003afd   0x22  Code  Gb  misc.o [1]


[1] = F:\SmartCar\for_test\Prj\IAR\FN15_Debug\Obj
[2] = command line
[3] = dl7M_tlf.a
[4] = m7M_tl.a
[5] = rt7M_tl.a

  12 060 bytes of readonly  code memory
     496 bytes of readwrite code memory
   4 156 bytes of readonly  data memory
   2 304 bytes of readwrite data memory

Errors: none
Warnings: none
