###############################################################################
#                                                                             #
# IAR ELF Linker V6.50.2.4510/W32 for ARM               29/Mar/2016  17:51:38 #
# Copyright 2007-2012 IAR Systems AB.                                         #
#                                                                             #
#    Output file  =  F:\SmartCar\for_test\Prj\IAR\FN15_Debug\Exe\vcan_Kinetis #
#                    .out                                                     #
#    Map file     =  F:\SmartCar\for_test\Prj\IAR\FN15_Debug\List\vcan_Kineti #
#                    s.map                                                    #
#    Command line =  F:\SmartCar\for_test\Prj\IAR\FN15_Debug\Obj\MK60_DWT.o   #
#                    F:\SmartCar\for_test\Prj\IAR\FN15_Debug\Obj\MK60_PIT.o   #
#                    F:\SmartCar\for_test\Prj\IAR\FN15_Debug\Obj\MK60_SysTick #
#                    .o F:\SmartCar\for_test\Prj\IAR\FN15_Debug\Obj\MK60_adc. #
#                    o F:\SmartCar\for_test\Prj\IAR\FN15_Debug\Obj\MK60_can.o #
#                     F:\SmartCar\for_test\Prj\IAR\FN15_Debug\Obj\MK60_conf.o #
#                     F:\SmartCar\for_test\Prj\IAR\FN15_Debug\Obj\MK60_dac.o  #
#                    F:\SmartCar\for_test\Prj\IAR\FN15_Debug\Obj\MK60_dma.o   #
#                    F:\SmartCar\for_test\Prj\IAR\FN15_Debug\Obj\MK60_flash.o #
#                     F:\SmartCar\for_test\Prj\IAR\FN15_Debug\Obj\MK60_flexbu #
#                    s.o F:\SmartCar\for_test\Prj\IAR\FN15_Debug\Obj\MK60_ftm #
#                    .o F:\SmartCar\for_test\Prj\IAR\FN15_Debug\Obj\MK60_gpio #
#                    .o F:\SmartCar\for_test\Prj\IAR\FN15_Debug\Obj\MK60_i2c. #
#                    o F:\SmartCar\for_test\Prj\IAR\FN15_Debug\Obj\MK60_it.o  #
#                    F:\SmartCar\for_test\Prj\IAR\FN15_Debug\Obj\MK60_lptmr.o #
#                     F:\SmartCar\for_test\Prj\IAR\FN15_Debug\Obj\MK60_mcg.o  #
#                    F:\SmartCar\for_test\Prj\IAR\FN15_Debug\Obj\MK60_port.o  #
#                    F:\SmartCar\for_test\Prj\IAR\FN15_Debug\Obj\MK60_rtc.o   #
#                    F:\SmartCar\for_test\Prj\IAR\FN15_Debug\Obj\MK60_sdhc.o  #
#                    F:\SmartCar\for_test\Prj\IAR\FN15_Debug\Obj\MK60_spi.o   #
#                    F:\SmartCar\for_test\Prj\IAR\FN15_Debug\Obj\MK60_uart.o  #
#                    F:\SmartCar\for_test\Prj\IAR\FN15_Debug\Obj\MK60_usb.o   #
#                    F:\SmartCar\for_test\Prj\IAR\FN15_Debug\Obj\MK60_wdog.o  #
#                    F:\SmartCar\for_test\Prj\IAR\FN15_Debug\Obj\USB.o        #
#                    F:\SmartCar\for_test\Prj\IAR\FN15_Debug\Obj\USB_CDC.o    #
#                    F:\SmartCar\for_test\Prj\IAR\FN15_Debug\Obj\VCAN_ASCII.o #
#                     F:\SmartCar\for_test\Prj\IAR\FN15_Debug\Obj\VCAN_BMP.o  #
#                    F:\SmartCar\for_test\Prj\IAR\FN15_Debug\Obj\VCAN_LCD.o   #
#                    F:\SmartCar\for_test\Prj\IAR\FN15_Debug\Obj\VCAN_LCD_CH. #
#                    o F:\SmartCar\for_test\Prj\IAR\FN15_Debug\Obj\VCAN_LCD_I #
#                    LI9341.o F:\SmartCar\for_test\Prj\IAR\FN15_Debug\Obj\VCA #
#                    N_LCD_ST7735R.o F:\SmartCar\for_test\Prj\IAR\FN15_Debug\ #
#                    Obj\VCAN_LCD_ST7735S.o F:\SmartCar\for_test\Prj\IAR\FN15 #
#                    _Debug\Obj\VCAN_LED.o F:\SmartCar\for_test\Prj\IAR\FN15_ #
#                    Debug\Obj\VCAN_MMA7455.o F:\SmartCar\for_test\Prj\IAR\FN #
#                    15_Debug\Obj\VCAN_NRF24L0.o                              #
#                    F:\SmartCar\for_test\Prj\IAR\FN15_Debug\Obj\VCAN_NRF24L0 #
#                    _MSG.o F:\SmartCar\for_test\Prj\IAR\FN15_Debug\Obj\VCAN_ #
#                    OV7725_Eagle.o F:\SmartCar\for_test\Prj\IAR\FN15_Debug\O #
#                    bj\VCAN_OV7725_Wolf.o F:\SmartCar\for_test\Prj\IAR\FN15_ #
#                    Debug\Obj\VCAN_RTC_count.o F:\SmartCar\for_test\Prj\IAR\ #
#                    FN15_Debug\Obj\VCAN_SCCB.o F:\SmartCar\for_test\Prj\IAR\ #
#                    FN15_Debug\Obj\VCAN_TSL1401.o                            #
#                    F:\SmartCar\for_test\Prj\IAR\FN15_Debug\Obj\VCAN_UI_VAR. #
#                    o F:\SmartCar\for_test\Prj\IAR\FN15_Debug\Obj\VCAN_camer #
#                    a.o F:\SmartCar\for_test\Prj\IAR\FN15_Debug\Obj\VCAN_com #
#                    puter.o F:\SmartCar\for_test\Prj\IAR\FN15_Debug\Obj\VCAN #
#                    _key.o F:\SmartCar\for_test\Prj\IAR\FN15_Debug\Obj\VCAN_ #
#                    key_event.o F:\SmartCar\for_test\Prj\IAR\FN15_Debug\Obj\ #
#                    Vcan_touch.o F:\SmartCar\for_test\Prj\IAR\FN15_Debug\Obj #
#                    \diskio.o F:\SmartCar\for_test\Prj\IAR\FN15_Debug\Obj\ff #
#                    .o F:\SmartCar\for_test\Prj\IAR\FN15_Debug\Obj\main.o    #
#                    F:\SmartCar\for_test\Prj\IAR\FN15_Debug\Obj\misc.o       #
#                    F:\SmartCar\for_test\Prj\IAR\FN15_Debug\Obj\my.o         #
#                    F:\SmartCar\for_test\Prj\IAR\FN15_Debug\Obj\oled.o       #
#                    F:\SmartCar\for_test\Prj\IAR\FN15_Debug\Obj\process.o    #
#                    F:\SmartCar\for_test\Prj\IAR\FN15_Debug\Obj\startup_MK60 #
#                    DZ10.o F:\SmartCar\for_test\Prj\IAR\FN15_Debug\Obj\syste #
#                    m_MK60DZ10.o F:\SmartCar\for_test\Prj\IAR\FN15_Debug\Obj #
#                    \vcan_img2sd.o F:\SmartCar\for_test\Prj\IAR\FN15_Debug\O #
#                    bj\vcan_sd_app.o F:\SmartCar\for_test\Prj\IAR\FN15_Debug #
#                    \Obj\vectors.o --redirect _Printf=_PrintfLargeNoMb       #
#                    --redirect _Scanf=_ScanfLargeNoMb -o                     #
#                    F:\SmartCar\for_test\Prj\IAR\FN15_Debug\Exe\vcan_Kinetis #
#                    .out --map F:\SmartCar\for_test\Prj\IAR\FN15_Debug\List\ #
#                    vcan_Kinetis.map --config "F:\SmartCar\for_test\Prj\IAR\ #
#                    config files\vcan_ROM_K60N1M.icf"                        #
#                    F:\SmartCar\for_test\Prj\IAR\..\..\Lib\CMSIS\iar_cortexM #
#                    4l_math.a --entry __iar_program_start --redirect         #
#                    __write=__write_buffered --vfe                           #
#                                                                             #
#                                                                             #
###############################################################################

*******************************************************************************
*** RUNTIME MODEL ATTRIBUTES
***

CppFlavor       = *
__SystemLibrary = DLib


*******************************************************************************
*** PLACEMENT SUMMARY
***

"A1":  place at 0x00000000 { ro section .intvec };
"A2":  place at 0x00000410 { ro section .noinit };
"P1":  place in [from 0x00000000 to 0x00100000] { ro, block CodeRelocate };
"P2":  place in [from 0x1fff0410 to 0x20010000] {
          rw, block CodeRelocateRam, block CSTACK, block HEAP };

  Section              Kind        Address    Size  Object
  -------              ----        -------    ----  ------
"A1":                                        0x410
  .intvec              const    0x00000000   0x410  vectors.o [1]
                              - 0x00000410   0x410

"A2":                                          0x8
  .noinit              ro code  0x00000410     0x8  startup_MK60DZ10.o [1]
                              - 0x00000418     0x8

"P1":                                       0x4290
  .text                ro code  0x00000418   0xb7e  xprintflarge_nomb.o [3]
  .text                ro code  0x00000f96    0x22  zero_init3.o [5]
  .text                ro code  0x00000fb8    0x16  strchr.o [5]
  .rodata              const    0x00000fce     0x2  VCAN_camera.o [1]
  .text                ro code  0x00000fd0    0x36  strlen.o [5]
  .text                ro code  0x00001008    0x58  memchr.o [5]
  .text                ro code  0x00001060    0xee  I64DivMod.o [5]
  .text                ro code  0x00001150   0x1a2  DblMul.o [4]
  .text                ro code  0x000012f4    0x76  ABImemcpy.o [5]
  .text                ro code  0x0000136a    0x42  xdnorm.o [4]
  .text                ro code  0x000013ac    0x2e  DblCmpLe.o [4]
  .text                ro code  0x000013dc   0x246  DblDiv.o [4]
  .text                ro code  0x00001624    0x2c  DblToI32.o [4]
  .text                ro code  0x00001650    0x1c  I32ToDbl.o [4]
  .text                ro code  0x0000166c   0x180  DblSub.o [4]
  .text                ro code  0x000017ec    0x6c  localeconv.o [3]
  .text                ro code  0x00001858     0xe  div.o [3]
  .text                ro code  0x00001868     0x2  I64DivZer.o [5]
  .text                ro code  0x0000186c    0xd4  DblAdd.o [4]
  .text                ro code  0x00001940     0x2  xtls.o [3]
  .data_init                    0x00001944   0x86c  <Block>
    Initializer bytes  ro data  0x00001944   0x86c  <for .data-1>
  .text                ro code  0x000021b0   0x598  MK60_ftm.o [1]
  .text                ro code  0x00002748    0xb0  MK60_port.o [1]
  Veneer               ro code  0x000027f8     0x8  - Linker created -
  Veneer               ro code  0x00002800     0x8  - Linker created -
  .text                ro code  0x00002808   0x140  MK60_conf.o [1]
  .text                ro code  0x00002948    0x70  VCAN_LED.o [1]
  .text                ro code  0x000029b8    0x24  printf.o [3]
  .text                ro code  0x000029dc    0x64  MK60_SysTick.o [1]
  .text                ro code  0x00002a40   0x24c  MK60_uart.o [1]
  .text                ro code  0x00002c8c    0x9c  VCAN_key.o [1]
  .text                ro code  0x00002d28   0x128  MK60_gpio.o [1]
  Veneer               ro code  0x00002e50     0x8  - Linker created -
  .text                ro code  0x00002e58   0x3d4  MK60_mcg.o [1]
  .text                ro code  0x0000322c   0x362  VCAN_SCCB.o [1]
  .text                ro code  0x00003590   0x284  MK60_dma.o [1]
  .text                ro code  0x00003814   0x23c  VCAN_OV7725_Eagle.o [1]
  CodeRelocate                  0x00003a50   0x1f0  <Block>
    Initializer bytes  ro data  0x00003a50   0x1f0  <for CodeRelocateRam-1>
  .text                ro code  0x00003c40   0x134  my.o [1]
  .text                ro code  0x00003d74    0x24  FltCmpGe.o [4]
  .text                ro code  0x00003d98    0x24  FltCmpLe.o [4]
  .text                ro code  0x00003dbc    0xd8  FltMul.o [4]
  .text                ro code  0x00003e94    0x84  FltAdd.o [4]
  .text                ro code  0x00003f18    0x44  FltToS32.o [4]
  .text                ro code  0x00003f5c    0xd6  FltSub.o [4]
  .text                ro code  0x00004034   0x130  system_MK60DZ10.o [1]
  .text                ro code  0x00004164    0x40  MK60_wdog.o [1]
  .text                ro code  0x000041a4    0x78  main.o [1]
  .text                ro code  0x0000421c    0x50  misc.o [1]
  .text                ro code  0x0000426c    0x94  VCAN_camera.o [1]
  .rodata              const    0x00004300    0x3c  MK60_conf.o [1]
  .rodata              const    0x0000433c    0x30  MK60_SysTick.o [1]
  .rodata              const    0x0000436c    0x2c  MK60_dma.o [1]
  .rodata              const    0x00004398    0x2c  MK60_flash.o [1]
  .rodata              const    0x000043c4    0x2c  MK60_ftm.o [1]
  .rodata              const    0x000043f0    0x2c  MK60_gpio.o [1]
  .rodata              const    0x0000441c    0x2c  MK60_uart.o [1]
  .rodata              const    0x00004448    0x28  misc.o [1]
  .text                ro code  0x00004470    0x28  data_init.o [5]
  .rodata              const    0x00004498    0x24  MK60_conf.o [1]
  .rodata              const    0x000044bc    0x24  VCAN_OV7725_Eagle.o [1]
  .rodata              const    0x000044e0    0x24  VCAN_OV7725_Eagle.o [1]
  .iar.init_table      const    0x00004504    0x10  - Linker created -
  .rodata              const    0x00004514    0x20  MK60_conf.o [1]
  .rodata              const    0x00004534    0x20  VCAN_OV7725_Eagle.o [1]
  .rodata              const    0x00004554    0x18  VCAN_OV7725_Eagle.o [1]
  .rodata              const    0x0000456c    0x18  VCAN_OV7725_Eagle.o [1]
  .text                ro code  0x00004584    0x16  cmain.o [5]
  .text                ro code  0x0000459a     0x4  low_level_init.o [3]
  .text                ro code  0x0000459e     0x4  exit.o [3]
  .text                ro code  0x000045a4     0xa  cexit.o [5]
  .text                ro code  0x000045b0     0xc  XXexit.o [5]
  .text                ro code  0x000045bc    0x16  xprout.o [3]
  .text                ro code  0x000045d4     0xc  putchar.o [3]
  .rodata              const    0x000045e0    0x14  MK60_conf.o [1]
  .rodata              const    0x000045f4    0x14  VCAN_OV7725_Eagle.o [1]
  .rodata              const    0x00004608     0xc  my.o [1]
  .text                ro code  0x00004614     0xc  cstartup_M.o [5]
  .rodata              const    0x00004620     0x0  zero_init3.o [5]
  Initializer bytes    ro data  0x00004620    0x88  <for P2 s0>
                              - 0x000046a8  0x4290

"P2", part 1 of 3:                           0xa5c
  .data                         0x1fff0410   0x86c  <Block>
    .data-1                     0x1fff0410   0x86c  <Init block>
      .data            inited   0x1fff0410   0x708  MK60_conf.o [1]
      .data            inited   0x1fff0b18    0x10  MK60_ftm.o [1]
      .data            inited   0x1fff0b28    0x14  MK60_gpio.o [1]
      .data            inited   0x1fff0b3c    0x58  MK60_mcg.o [1]
      .data            inited   0x1fff0b94     0x4  MK60_mcg.o [1]
      .data            inited   0x1fff0b98    0x14  MK60_port.o [1]
      .data            inited   0x1fff0bac    0x18  MK60_uart.o [1]
      .data            inited   0x1fff0bc4     0x4  VCAN_LED.o [1]
      .data            inited   0x1fff0bc8     0x1  VCAN_OV7725_Eagle.o [1]
      .data            inited   0x1fff0bcc    0x64  VCAN_OV7725_Eagle.o [1]
      .data            inited   0x1fff0c30     0x1  VCAN_OV7725_Eagle.o [1]
      .data            inited   0x1fff0c34     0x8  VCAN_key.o [1]
      .data            inited   0x1fff0c3c    0x40  xfiles.o [3]
  CodeRelocateRam               0x1fff0c7c   0x1f0  <Block>
    CodeRelocateRam-1           0x1fff0c7c   0x1f0  <Init block>
      Veneer           inited   0x1fff0c7c     0x8  - Linker created -
      Veneer           inited   0x1fff0c84     0x8  - Linker created -
      .textrw          inited   0x1fff0c8c   0x190  MK60_flash.o [1]
      .textrw          inited   0x1fff0e1c    0x50  MK60_mcg.o [1]
                              - 0x1fff0e6c   0xa5c

"P2", part 2 of 3:                          0x54d0
  .bss                          0x1fff0e6c  0x54d0  <Block>
    .bss               zero     0x1fff0e6c    0x10  MK60_ftm.o [1]
    .bss               zero     0x1fff0e7c     0x4  VCAN_OV7725_Eagle.o [1]
    .bss               zero     0x1fff0e80   0x960  main.o [1]
    .bss               zero     0x1fff17e0  0x4b00  main.o [1]
    .bss               zero     0x1fff62e0     0x4  system_MK60DZ10.o [1]
    .bss               zero     0x1fff62e4     0x4  system_MK60DZ10.o [1]
    .bss               zero     0x1fff62e8     0x4  system_MK60DZ10.o [1]
    .bss               zero     0x1fff62ec    0x50  xfiles.o [3]
                              - 0x1fff633c  0x54d0

"P2", part 3 of 3:                            0x88
  P2 s0                         0x1fff633c    0x88  <Init block>
    __DLIB_PERTHREAD   inited   0x1fff633c    0x88  localeconv.o [3]
                              - 0x1fff63c4    0x88


*******************************************************************************
*** INIT TABLE
***

          Address     Size
          -------     ----
Zero (__iar_zero_init3)
    1 destination range, total size 0x54d0:
          0x1fff0e6c  0x54d0



*******************************************************************************
*** MODULE SUMMARY
***

    Module               ro code  rw code  ro data  rw data
    ------               -------  -------  -------  -------
F:\SmartCar\for_test\Prj\IAR\FN15_Debug\Obj: [1]
    MK60_SysTick.o           100                48
    MK60_conf.o              320             1 948    1 800
    MK60_dma.o               644                44
    MK60_flash.o                      400      444
    MK60_ftm.o             1 432                60       32
    MK60_gpio.o              296                64       20
    MK60_mcg.o               980       80      172       92
    MK60_port.o              176                20       20
    MK60_uart.o              588                68       24
    MK60_wdog.o               64
    VCAN_LED.o               112                 4        4
    VCAN_OV7725_Eagle.o      572               277      106
    VCAN_SCCB.o              866
    VCAN_camera.o            148                 2
    VCAN_key.o               156                11        8
    main.o                   120                     21 600
    misc.o                    80                40
    my.o                     308                12
    startup_MK60DZ10.o         8
    system_MK60DZ10.o        304                         12
    vectors.o                                1 040
    -------------------------------------------------------
    Total:                 7 274      480    4 254   23 718

command line: [2]
    -------------------------------------------------------
    Total:

dl7M_tlf.a: [3]
    div.o                     14
    exit.o                     4
    localeconv.o             108               136      136
    low_level_init.o           4
    printf.o                  36
    putchar.o                 12
    xfiles.o                                    64      144
    xprintflarge_nomb.o    2 942
    xprout.o                  22
    xtls.o                     2
    -------------------------------------------------------
    Total:                 3 144               200      280

m7M_tl.a: [4]
    DblAdd.o                 212
    DblCmpLe.o                46
    DblDiv.o                 582
    DblMul.o                 418
    DblSub.o                 384
    DblToI32.o                44
    FltAdd.o                 132
    FltCmpGe.o                36
    FltCmpLe.o                36
    FltMul.o                 216
    FltSub.o                 214
    FltToS32.o                68
    I32ToDbl.o                28
    xdnorm.o                  66
    -------------------------------------------------------
    Total:                 2 482

rt7M_tl.a: [5]
    ABImemcpy.o              118
    I64DivMod.o              238
    I64DivZer.o                2
    XXexit.o                  12
    cexit.o                   10
    cmain.o                   22
    cstartup_M.o              12
    data_init.o               40
    memchr.o                  88
    strchr.o                  22
    strlen.o                  54
    zero_init3.o              34
    -------------------------------------------------------
    Total:                   652

    Gaps                      24                          6
    Linker created            24       16       32
-----------------------------------------------------------
    Grand Total:          13 600      496    4 486   24 004


*******************************************************************************
*** ENTRY LIST
***

Entry                      Address    Size  Type      Object
-----                      -------    ----  ----      ------
.bss$$Base              0x1fff0e6c           --   Gb  - Linker created -
.bss$$Limit             0x1fff633c           --   Gb  - Linker created -
.data$$Base             0x1fff0410           --   Gb  - Linker created -
.data$$Limit            0x1fff0c7c           --   Gb  - Linker created -
.data_init$$Base        0x00001944           --   Gb  - Linker created -
.data_init$$Limit       0x000021b0           --   Gb  - Linker created -
?main                   0x00004585          Code  Gb  cmain.o [5]
ASSERT_FAILED_STR       0x00004498    0x24  Data  Gb  MK60_conf.o [1]
CodeRelocate$$Base      0x00003a50           --   Gb  - Linker created -
CodeRelocate$$Limit     0x00003c40           --   Gb  - Linker created -
CodeRelocateRam$$Base   0x1fff0c7c           --   Gb  - Linker created -
CodeRelocateRam$$Limit  0x1fff0e6c           --   Gb  - Linker created -
DMA0_IRQHandler         0x00004215     0x8  Code  Gb  main.o [1]
FTMN                    0x1fff0b18    0x10  Data  Gb  MK60_ftm.o [1]
FTM_port_mux            0x000021b1   0x1ac  Code  Lc  MK60_ftm.o [1]
GPIOX                   0x1fff0b28    0x14  Data  Gb  MK60_gpio.o [1]
KEY_PTxn                0x1fff0c34     0x8  Data  Gb  VCAN_key.o [1]
LED_PTxn                0x1fff0bc4     0x4  Data  Gb  VCAN_LED.o [1]
NVIC_DisableIRQ         0x0000382d    0x18  Code  Lc  VCAN_OV7725_Eagle.o [1]
NVIC_EnableIRQ          0x00003815    0x18  Code  Lc  VCAN_OV7725_Eagle.o [1]
NVIC_SystemReset        0x00002809    0x1a  Code  Lc  MK60_conf.o [1]
PORTA_IRQHandler        0x000041dd    0x2a  Code  Gb  main.o [1]
PORTX                   0x1fff0b98    0x14  Data  Gb  MK60_port.o [1]
Region$$Table$$Base     0x00004504           --   Gb  - Linker created -
Region$$Table$$Limit    0x00004514           --   Gb  - Linker created -
Reset_Handler           0x00000411          Code  Gb  startup_MK60DZ10.o [1]
SCCB_Ack                0x00003301    0x3c  Code  Lc  VCAN_SCCB.o [1]
SCCB_GPIO_init          0x00003247    0x28  Code  Gb  VCAN_SCCB.o [1]
SCCB_NoAck              0x0000333d    0x3c  Code  Lc  VCAN_SCCB.o [1]
SCCB_ReadByte           0x000034dd    0x2c  Code  Gb  VCAN_SCCB.o [1]
SCCB_ReadByte_one       0x00003509    0x86  Code  Lc  VCAN_SCCB.o [1]
SCCB_ReceiveByte        0x00003409    0x54  Code  Lc  VCAN_SCCB.o [1]
SCCB_SendByte           0x000033c5    0x44  Code  Lc  VCAN_SCCB.o [1]
SCCB_Start              0x0000326f    0x5e  Code  Lc  VCAN_SCCB.o [1]
SCCB_Stop               0x000032cd    0x34  Code  Lc  VCAN_SCCB.o [1]
SCCB_WaitAck            0x00003379    0x4c  Code  Lc  VCAN_SCCB.o [1]
SCCB_WriteByte          0x0000346d    0x28  Code  Gb  VCAN_SCCB.o [1]
SCCB_WriteByte_one      0x00003495    0x48  Code  Lc  VCAN_SCCB.o [1]
SCCB_delay              0x0000322d    0x1a  Code  Lc  VCAN_SCCB.o [1]
UARTN                   0x1fff0bac    0x18  Data  Gb  MK60_uart.o [1]
_GenldLargeNoMb         0x00000d19   0x234  Code  Lc  xprintflarge_nomb.o [3]
_LdtobLargeNoMb         0x00000ab9   0x25a  Code  Lc  xprintflarge_nomb.o [3]
_LitobLargeNoMb         0x0000095b   0x10c  Code  Lc  xprintflarge_nomb.o [3]
_Locale_aeabi_lconv     0x1fff638c    0x38  Data  Gb  localeconv.o [3]
_Locale_lconv           0x1fff633c    0x50  Data  Gb  localeconv.o [3]
_PrintfLargeNoMb        0x00000419   0x53c  Code  Gb  xprintflarge_nomb.o [3]
_Prout                  0x000045bd    0x16  Code  Gb  xprout.o [3]
_PutcharsLargeNoMb      0x00000f4d    0x2e  Code  Lc  xprintflarge_nomb.o [3]
__BOOT_STACK_ADDRESS {Abs}
                        0x2000fff8           --   Gb  command line/config [2]
__VECTOR_RAM {Abs}      0x1fff0000           --   Gb  command line/config [2]
__VECTOR_TABLE {Abs}    0x00000000           --   Gb  command line/config [2]
__aeabi_cdcmple         0x000013ad          Code  Gb  DblCmpLe.o [4]
__aeabi_cfcmple         0x00003d99          Code  Gb  FltCmpLe.o [4]
__aeabi_cfrcmple        0x00003d75          Code  Gb  FltCmpGe.o [4]
__aeabi_d2uiz           0x00001625          Code  Gb  DblToI32.o [4]
__aeabi_ddiv            0x000013dd          Code  Gb  DblDiv.o [4]
__aeabi_dmul            0x00001151          Code  Gb  DblMul.o [4]
__aeabi_dsub            0x0000166d          Code  Gb  DblSub.o [4]
__aeabi_f2iz            0x00003f19          Code  Gb  FltToS32.o [4]
__aeabi_fadd            0x00003e95          Code  Gb  FltAdd.o [4]
__aeabi_fmul            0x00003dbd          Code  Gb  FltMul.o [4]
__aeabi_ldiv0           0x00001869          Code  Gb  I64DivZer.o [5]
__aeabi_memcpy          0x000012f5          Code  Gb  ABImemcpy.o [5]
__aeabi_memcpy4         0x00001315          Code  Gb  ABImemcpy.o [5]
__aeabi_memcpy8         0x00001315          Code  Gb  ABImemcpy.o [5]
__aeabi_ui2d            0x00001651          Code  Gb  I32ToDbl.o [4]
__aeabi_uldivmod        0x00001061          Code  Gb  I64DivMod.o [5]
__cmain                 0x00004585          Code  Gb  cmain.o [5]
__code_start__ {Abs}    0x00000410           --   Gb  command line/config [2]
__exit                  0x000045b1          Code  Gb  XXexit.o [5]
__iar_Dnorm             0x0000136b    0x42  Code  Gb  xdnorm.o [4]
__iar_Locale_lconv_init
                        0x000017ed    0x3a  Code  Gb  localeconv.o [3]
__iar_Memchr            0x00001009          Code  Gb  memchr.o [5]
__iar_Stdout            0x1fff0c3c    0x40  Data  Gb  xfiles.o [3]
__iar_Strchr            0x00000fb9          Code  Gb  strchr.o [5]
__iar_d2uiz             0x00001631          Code  Gb  DblToI32.o [4]
__iar_dadd              0x0000186d          Code  Gb  DblAdd.o [4]
__iar_data_init3        0x00004471    0x28  Code  Gb  data_init.o [5]
__iar_dlib_perthread_access
                        0x00001941     0x2  Code  Gb  xtls.o [3]
__iar_dsub              0x00001681          Code  Gb  DblSub.o [4]
__iar_dsubStart         0x00001693          Code  Gb  DblSub.o [4]
__iar_fadd              0x00003ea5          Code  Gb  FltAdd.o [4]
__iar_fsub              0x00003f5d          Code  Gb  FltSub.o [4]
__iar_fsubStart         0x00003f6d          Code  Gb  FltSub.o [4]
__iar_program_start     0x00004615          Code  Gb  cstartup_M.o [5]
__iar_ui2d              0x00001655          Code  Gb  I32ToDbl.o [4]
__iar_zero_init3        0x00000f97    0x22  Code  Gb  zero_init3.o [5]
__low_level_init        0x0000459b     0x4  Code  Gb  low_level_init.o [3]
__vector_table          0x00000000   0x410  Data  Gb  vectors.o [1]
_call_main              0x00004591          Code  Gb  cmain.o [5]
_exit                   0x000045a5          Code  Gb  cexit.o [5]
_main                   0x00004597          Code  Gb  cmain.o [5]
android_sendimg         0x00003ca7    0x44  Code  Gb  my.o [1]
assert_failed           0x00002823    0x26  Code  Gb  MK60_conf.o [1]
bus_clk_khz             0x1fff62e8     0x4  Data  Gb  system_MK60DZ10.o [1]
common_startup          0x00004093    0x98  Code  Gb  system_MK60DZ10.o [1]
control_actuator        0x00003ceb    0x6a  Code  Gb  my.o [1]
core_clk_khz            0x1fff62e0     0x4  Data  Gb  system_MK60DZ10.o [1]
core_clk_mhz            0x1fff62e4     0x4  Data  Gb  system_MK60DZ10.o [1]
default_isr             0x000028f7    0x30  Code  Gb  MK60_conf.o [1]
div                     0x00001859     0xe  Code  Gb  div.o [3]
dma_gpio_input_init     0x00003591    0x5c  Code  Lc  MK60_dma.o [1]
dma_portx2buff_init     0x000035ed   0x1f4  Code  Gb  MK60_dma.o [1]
exit                    0x0000459f     0x4  Code  Gb  exit.o [3]
flash_cmd               0x1fff0c8d    0x20  Code  Gb  MK60_flash.o [1]
flash_erase_sector      0x1fff0cd1    0x5c  Code  Gb  MK60_flash.o [1]
flash_init              0x1fff0cad    0x24  Code  Gb  MK60_flash.o [1]
flash_write             0x1fff0d2d    0xb4  Code  Gb  MK60_flash.o [1]
fputc                   0x00002849    0x14  Code  Gb  MK60_conf.o [1]
ftm_mod                 0x1fff0e6c    0x10  Data  Lc  MK60_ftm.o [1]
ftm_pwm_duty            0x0000250b   0x120  Code  Gb  MK60_ftm.o [1]
ftm_pwm_init            0x0000235d   0x1ae  Code  Gb  MK60_ftm.o [1]
ftm_quad_init           0x0000262b   0x106  Code  Gb  MK60_ftm.o [1]
gpio_get                0x00002e0f    0x3a  Code  Gb  MK60_gpio.o [1]
gpio_init               0x00002d29    0xae  Code  Gb  MK60_gpio.o [1]
gpio_turn               0x00002dd7    0x38  Code  Gb  MK60_gpio.o [1]
img                     0x1fff17e0  0x4b00  Data  Gb  main.o [1]
img_extract             0x0000426d    0x94  Code  Gb  VCAN_camera.o [1]
imgbuff                 0x1fff0e80   0x960  Data  Gb  main.o [1]
key_check               0x00002cf9    0x2a  Code  Gb  VCAN_key.o [1]
key_get                 0x00002cdf    0x1a  Code  Gb  VCAN_key.o [1]
key_init                0x00002c8d    0x52  Code  Gb  VCAN_key.o [1]
led_init                0x00002949    0x3a  Code  Gb  VCAN_LED.o [1]
led_turn                0x00002983    0x32  Code  Gb  VCAN_LED.o [1]
localeconv              0x00001827    0x16  Code  Gb  localeconv.o [3]
main                    0x000041a5    0x38  Code  Gb  main.o [1]
mcg_cfg                 0x1fff0b3c    0x58  Data  Gb  MK60_mcg.o [1]
mcg_div                 0x1fff0b94     0x4  Data  Gb  MK60_mcg.o [1]
mcg_div_count           0x00002e59   0x304  Code  Gb  MK60_mcg.o [1]
memchr                  0x00001009          Code  Gb  memchr.o [5]
mk60int                 0x00003c41    0x66  Code  Gb  my.o [1]
obuf                    0x1fff62ec    0x50  Data  Lc  xfiles.o [3]
ov7725_eagle_cfgnum     0x1fff0c30     0x1  Data  Gb  VCAN_OV7725_Eagle.o [1]
ov7725_eagle_dma        0x000038fd    0x14  Code  Gb  VCAN_OV7725_Eagle.o [1]
ov7725_eagle_get_img    0x00003911    0x42  Code  Gb  VCAN_OV7725_Eagle.o [1]
ov7725_eagle_img_buff   0x1fff0e7c     0x4  Data  Gb  VCAN_OV7725_Eagle.o [1]
ov7725_eagle_img_flag   0x1fff0bc8     0x1  Data  Gb  VCAN_OV7725_Eagle.o [1]
ov7725_eagle_init       0x00003845    0x18  Code  Gb  VCAN_OV7725_Eagle.o [1]
ov7725_eagle_port_init  0x0000385d    0x54  Code  Lc  VCAN_OV7725_Eagle.o [1]
ov7725_eagle_reg        0x1fff0bcc    0x64  Data  Gb  VCAN_OV7725_Eagle.o [1]
ov7725_eagle_reg_init   0x00003953    0xb0  Code  Lc  VCAN_OV7725_Eagle.o [1]
ov7725_eagle_vsync      0x000038b1    0x4c  Code  Gb  VCAN_OV7725_Eagle.o [1]
pll_init                0x0000315d    0xb2  Code  Gb  MK60_mcg.o [1]
port_init               0x00002749    0x44  Code  Gb  MK60_port.o [1]
port_init_NoALT         0x0000278d    0x62  Code  Gb  MK60_port.o [1]
printf                  0x000029b9    0x24  Code  Gb  printf.o [3]
putchar                 0x000045d5     0xc  Code  Gb  putchar.o [3]
scale                   0x00000a6d    0x46  Code  Lc  xprintflarge_nomb.o [3]
set_sys_dividers        0x1fff0e1d    0x50  Code  Gb  MK60_mcg.o [1]
set_vector_handler      0x0000423f    0x22  Code  Gb  misc.o [1]
start                   0x00004035    0x22  Code  Gb  system_MK60DZ10.o [1]
start_check             0x0000285d    0x9a  Code  Gb  MK60_conf.o [1]
strchr                  0x00000fb9          Code  Gb  strchr.o [5]
strlen                  0x00000fd1          Code  Gb  strlen.o [5]
sysinit                 0x00004057    0x3c  Code  Gb  system_MK60DZ10.o [1]
systick_delay           0x000029dd    0x36  Code  Gb  MK60_SysTick.o [1]
systick_delay_ms        0x00002a13    0x18  Code  Gb  MK60_SysTick.o [1]
uart_init               0x00002a41   0x218  Code  Gb  MK60_uart.o [1]
uart_putchar            0x00002c59    0x1a  Code  Gb  MK60_uart.o [1]
vector_str              0x1fff0410   0x708  Data  Gb  MK60_conf.o [1]
wdog_disable            0x00004165    0x16  Code  Gb  MK60_wdog.o [1]
wdog_unlock             0x0000417b    0x20  Code  Lc  MK60_wdog.o [1]
write_vtor              0x0000421d    0x22  Code  Gb  misc.o [1]


[1] = F:\SmartCar\for_test\Prj\IAR\FN15_Debug\Obj
[2] = command line
[3] = dl7M_tlf.a
[4] = m7M_tl.a
[5] = rt7M_tl.a

  13 600 bytes of readonly  code memory
     496 bytes of readwrite code memory
   4 486 bytes of readonly  data memory
  24 004 bytes of readwrite data memory

Errors: none
Warnings: none
